 Image capstone-project-26t1-3900-m18b-date-backend Building 
 Image capstone-project-26t1-3900-m18b-date-frontend Building 
#1 [internal] load local bake definitions
#1 reading from stdin 1.32kB done
#1 DONE 0.0s

#2 [frontend internal] load build definition from Dockerfile
#2 DONE 0.0s

#3 [backend internal] load build definition from Dockerfile
#3 transferring dockerfile: 464B done
#3 DONE 0.0s

#2 [frontend internal] load build definition from Dockerfile
#2 transferring dockerfile: 426B done
#2 DONE 0.0s

#4 [frontend internal] load metadata for docker.io/library/nginx:alpine
#4 DONE 0.0s

#5 [frontend internal] load metadata for docker.io/library/node:20-alpine
#5 ...

#6 [backend internal] load metadata for docker.io/library/python:3.11-slim
#6 DONE 0.8s

#7 [backend internal] load .dockerignore
#7 transferring context: 2B done
#7 DONE 0.0s

#5 [frontend internal] load metadata for docker.io/library/node:20-alpine
#5 DONE 0.8s

#8 [frontend internal] load .dockerignore
#8 transferring context: 78B done
#8 DONE 0.0s

#9 [frontend internal] load build context
#9 transferring context: 900B done
#9 DONE 0.0s

#10 [backend  1/10] FROM docker.io/library/python:3.11-slim@sha256:9358444059ed78e2975ada2c189f1c1a3144a5dab6f35bff8c981afb38946634
#10 resolve docker.io/library/python:3.11-slim@sha256:9358444059ed78e2975ada2c189f1c1a3144a5dab6f35bff8c981afb38946634 0.1s done
#10 DONE 0.1s

#11 [backend internal] load build context
#11 transferring context: 2.36kB done
#11 DONE 0.0s

#12 [frontend build 1/6] FROM docker.io/library/node:20-alpine@sha256:f598378b5240225e6beab68fa9f356db1fb8efe55173e6d4d8153113bb8f333c
#12 resolve docker.io/library/node:20-alpine@sha256:f598378b5240225e6beab68fa9f356db1fb8efe55173e6d4d8153113bb8f333c
#12 resolve docker.io/library/node:20-alpine@sha256:f598378b5240225e6beab68fa9f356db1fb8efe55173e6d4d8153113bb8f333c 0.1s done
#12 DONE 0.1s

#13 [backend  9/10] COPY . .
#13 CACHED

#14 [backend  2/10] WORKDIR /app/backend
#14 CACHED

#15 [backend  5/10] RUN apt-get update && apt-get install -y build-essential     && rm -rf /var/lib/apt/lists/*
#15 CACHED

#16 [backend  6/10] RUN pip install --no-cache-dir -r requirements.txt
#16 CACHED

#17 [backend  4/10] COPY requirements.txt .
#17 CACHED

#18 [backend  3/10] RUN apt-get update && apt-get install -y build-essential
#18 CACHED

#19 [backend  7/10] RUN pip install --no-cache-dir debugpy
#19 CACHED

#20 [backend  8/10] RUN playwright install --with-deps chromium
#20 CACHED

#21 [backend 10/10] WORKDIR /app/
#21 CACHED

#22 [frontend stage-1 1/3] FROM docker.io/library/nginx:alpine@sha256:e7257f1ef28ba17cf7c248cb8ccf6f0c6e0228ab9c315c152f9c203cd34cf6d1
#22 resolve docker.io/library/nginx:alpine@sha256:e7257f1ef28ba17cf7c248cb8ccf6f0c6e0228ab9c315c152f9c203cd34cf6d1 0.1s done
#22 DONE 0.1s

#23 [frontend stage-1 2/3] COPY --from=build /app/frontend/dist /usr/share/nginx/html
#23 CACHED

#24 [frontend build 6/6] RUN npm run build
#24 CACHED

#25 [frontend build 3/6] COPY package.json ./
#25 CACHED

#26 [frontend build 4/6] RUN npm install
#26 CACHED

#27 [frontend build 2/6] WORKDIR /app/frontend
#27 CACHED

#28 [frontend build 5/6] COPY . .
#28 CACHED

#29 [frontend stage-1 3/3] COPY nginx.conf /etc/nginx/conf.d/default.conf
#29 CACHED

#30 [backend] exporting to image
#30 exporting layers done
#30 exporting manifest sha256:e3ce56ff53654651cf65637d7bac3ee6a91a825f5b1cc096d621f783059e3764 done
#30 exporting config sha256:7266d7233c9ba573fe5ff701a469f917c346164508d24d5be223eaeb15a2aa94 done
#30 exporting attestation manifest sha256:173df2ba38826c11cec5214224e41d8a30daeaac0cda228dd6f609e3fc51c1e5 0.0s done
#30 exporting manifest list sha256:2053513411db8bf36fdf283018a858d07cedf3e628ee660bc0ee84385bf22bdb 0.0s done
#30 naming to docker.io/library/capstone-project-26t1-3900-m18b-date-backend:latest
#30 naming to docker.io/library/capstone-project-26t1-3900-m18b-date-backend:latest done
#30 unpacking to docker.io/library/capstone-project-26t1-3900-m18b-date-backend:latest 0.0s done
#30 DONE 0.2s

#31 [frontend] exporting to image
#31 exporting layers done
#31 exporting manifest sha256:b41c3f49c98328fd3d8d68eacb8a3e5dea11c701a26b113564d8d8eab3e57ba2 done
#31 exporting config sha256:a1037f2a8fbd84c73eaf786e292e8203599a6d015021596f3dff61819f3d6710 done
#31 exporting attestation manifest sha256:a482057c39d25596ba48de2fa0e03e42d42bab8a28994ec97534fab543e6f247 0.0s done
#31 exporting manifest list sha256:f5156bbbf33fd4ee46aeb67cc0786da679eda70cddae3806770175109a91e03f 0.0s done
#31 naming to docker.io/library/capstone-project-26t1-3900-m18b-date-frontend:latest done
#31 unpacking to docker.io/library/capstone-project-26t1-3900-m18b-date-frontend:latest 0.0s done
#31 DONE 0.2s

#32 [frontend] resolving provenance for metadata file
#32 DONE 0.0s

#33 [backend] resolving provenance for metadata file
#33 DONE 0.0s
 Image capstone-project-26t1-3900-m18b-date-backend Built 
 Image capstone-project-26t1-3900-m18b-date-frontend Built 
 Container capstone-project-26t1-3900-m18b-date-db-1 Recreate 
 Container capstone-project-26t1-3900-m18b-date-db-1 Recreated 
 Container capstone-project-26t1-3900-m18b-date-backend-1 Recreate 
 Container capstone-project-26t1-3900-m18b-date-backend-1 Recreated 
 Container capstone-project-26t1-3900-m18b-date-frontend-1 Recreate 
 Container capstone-project-26t1-3900-m18b-date-frontend-1 Recreated 
Attaching to backend-1, db-1, frontend-1
 Container capstone-project-26t1-3900-m18b-date-db-1 Starting 
Error response from daemon: failed to set up container networking: driver failed programming external connectivity on endpoint capstone-project-26t1-3900-m18b-date-db-1 (9bb704ce02f00a0cecd17d147682b5e6b11d77f3eba347667ec588beee08727f): failed to bind host port 0.0.0.0:5432/tcp: address already in use
